real 28280.32
user 28376.91
sys 1564.28
          6230917120  maximum resident set size
                   0  average shared memory size
                   0  average unshared data size
                   0  average unshared stack size
           280892644  page reclaims
                3084  page faults
                   0  swaps
                   0  block input operations
                   0  block output operations
                1888  messages sent
                1231  messages received
                   0  signals received
              412138  voluntary context switches
            68293920  involuntary context switches
     489116845941807  instructions retired
     123396368840668  cycles elapsed
          5380204472  peak memory footprint
